../Core/Src/stm32u5xx_it.c:82:6:NMI_Handler	8	static
../Core/Src/stm32u5xx_it.c:98:6:HardFault_Handler	4	static
../Core/Src/stm32u5xx_it.c:113:6:MemManage_Handler	4	static
../Core/Src/stm32u5xx_it.c:128:6:BusFault_Handler	4	static
../Core/Src/stm32u5xx_it.c:143:6:UsageFault_Handler	4	static
../Core/Src/stm32u5xx_it.c:158:6:SVC_Handler	4	static
../Core/Src/stm32u5xx_it.c:171:6:DebugMon_Handler	4	static
../Core/Src/stm32u5xx_it.c:184:6:PendSV_Handler	4	static
../Core/Src/stm32u5xx_it.c:197:6:SysTick_Handler	8	static
../Core/Src/stm32u5xx_it.c:218:6:TIM6_IRQHandler	8	static
../Core/Src/stm32u5xx_it.c:233:6:TIM7_IRQHandler	8	static
../Core/Src/stm32u5xx_it.c:248:6:USART2_IRQHandler	8	static
../Core/Src/stm32u5xx_it.c:262:6:TIM16_IRQHandler	8	static
../Core/Src/stm32u5xx_it.c:277:6:TIM17_IRQHandler	8	static
../Core/Src/stm32u5xx_it.c:292:6:SDMMC1_IRQHandler	8	static
../Core/Src/stm32u5xx_it.c:306:6:GPDMA1_Channel10_IRQHandler	8	static
